// Vitest Snapshot v1, https://vitest.dev/guide/snapshot.html

exports[`Given AddToCart component > When the component is rendered > Then it should match the snapshot 1`] = `
<div>
  <div
    class="MuiStack-root add-to-cart css-15bx9vo-MuiStack-root"
  >
    <button
      class="MuiButtonBase-root MuiButton-root MuiButton-contained MuiButton-containedSuccess MuiButton-sizeLarge MuiButton-containedSizeLarge MuiButton-colorSuccess MuiButton-root MuiButton-contained MuiButton-containedSuccess MuiButton-sizeLarge MuiButton-containedSizeLarge MuiButton-colorSuccess css-1l4a4zd-MuiButtonBase-root-MuiButton-root"
      data-testid="add-to-cart-button"
      tabindex="0"
      type="button"
    >
      <span
        class="MuiButton-icon MuiButton-startIcon MuiButton-iconSizeLarge css-hev6se-MuiButton-startIcon"
      >
        <svg
          aria-hidden="true"
          class="MuiSvgIcon-root MuiSvgIcon-fontSizeMedium css-1umw9bq-MuiSvgIcon-root"
          data-testid="AddShoppingCartIcon"
          focusable="false"
          viewBox="0 0 24 24"
        >
          <path
            d="M11 9h2V6h3V4h-3V1h-2v3H8v2h3zm-4 9c-1.1 0-1.99.9-1.99 2S5.9 22 7 22s2-.9 2-2-.9-2-2-2m10 0c-1.1 0-1.99.9-1.99 2s.89 2 1.99 2 2-.9 2-2-.9-2-2-2m-9.83-3.25.03-.12.9-1.63h7.45c.75 0 1.41-.41 1.75-1.03l3.86-7.01L19.42 4h-.01l-1.1 2-2.76 5H8.53l-.13-.27L6.16 6l-.95-2-.94-2H1v2h2l3.6 7.59-1.35 2.45c-.16.28-.25.61-.25.96 0 1.1.9 2 2 2h12v-2H7.42c-.13 0-.25-.11-.25-.25"
          />
        </svg>
      </span>
      Añadir al carrito
    </button>
    <h3
      class="MuiTypography-root MuiTypography-h5 add-to-cart__price css-5wi9gl-MuiTypography-root"
      data-testid="add-to-cart-price"
    >
      999.00 €
    </h3>
  </div>
</div>
`;
