// Vitest Snapshot v1, https://vitest.dev/guide/snapshot.html

exports[`Given CartPage component > When the component is rendered > Then it should match the snapshot 1`] = `
<div>
  <div
    class="MuiContainer-root MuiContainer-maxWidthLg css-5c1adp-MuiContainer-root"
  >
    <h2
      class="MuiTypography-root MuiTypography-h5 css-16xl4zq-MuiTypography-root"
    >
      Carrito de compra
    </h2>
    <hr
      class="MuiDivider-root MuiDivider-fullWidth css-zzw4lh-MuiDivider-root"
    />
    <p
      class="MuiTypography-root MuiTypography-body1 css-1xrrpwr-MuiTypography-root"
    >
      No hay móviles en el carrito.
    </p>
    <hr
      class="MuiDivider-root MuiDivider-fullWidth css-zzw4lh-MuiDivider-root"
    />
    <div
      class="MuiStack-root css-1cic80u-MuiStack-root"
    >
      <a
        href="/"
      >
        <button
          class="MuiButtonBase-root MuiButton-root MuiButton-contained MuiButton-containedPrimary MuiButton-sizeLarge MuiButton-containedSizeLarge MuiButton-colorPrimary MuiButton-root MuiButton-contained MuiButton-containedPrimary MuiButton-sizeLarge MuiButton-containedSizeLarge MuiButton-colorPrimary css-efdih2-MuiButtonBase-root-MuiButton-root"
          data-testid="continue-shopping-button"
          tabindex="0"
          type="button"
        >
          <span
            class="MuiButton-icon MuiButton-startIcon MuiButton-iconSizeLarge css-hev6se-MuiButton-startIcon"
          >
            <svg
              aria-hidden="true"
              class="MuiSvgIcon-root MuiSvgIcon-fontSizeMedium css-1umw9bq-MuiSvgIcon-root"
              data-testid="SmartphoneIcon"
              focusable="false"
              viewBox="0 0 24 24"
            >
              <path
                d="M17 1.01 7 1c-1.1 0-2 .9-2 2v18c0 1.1.9 2 2 2h10c1.1 0 2-.9 2-2V3c0-1.1-.9-1.99-2-1.99M17 19H7V5h10z"
              />
            </svg>
          </span>
          Continuar comprando
        </button>
      </a>
      <div
        class="MuiStack-root css-1g8n1bs-MuiStack-root"
      >
        <h3
          class="MuiTypography-root MuiTypography-h5 css-1674ucw-MuiTypography-root"
        >
          Total: 
          0.00 €
        </h3>
        <button
          class="MuiButtonBase-root MuiButton-root MuiButton-contained MuiButton-containedSuccess MuiButton-sizeLarge MuiButton-containedSizeLarge MuiButton-colorSuccess Mui-disabled MuiButton-root MuiButton-contained MuiButton-containedSuccess MuiButton-sizeLarge MuiButton-containedSizeLarge MuiButton-colorSuccess css-1cobkga-MuiButtonBase-root-MuiButton-root"
          data-testid="buy-button"
          disabled=""
          tabindex="-1"
          type="button"
        >
          <span
            class="MuiButton-icon MuiButton-startIcon MuiButton-iconSizeLarge css-hev6se-MuiButton-startIcon"
          >
            <svg
              aria-hidden="true"
              class="MuiSvgIcon-root MuiSvgIcon-fontSizeMedium css-1umw9bq-MuiSvgIcon-root"
              data-testid="CreditScoreIcon"
              focusable="false"
              viewBox="0 0 24 24"
            >
              <path
                d="M20 4H4c-1.11 0-1.99.89-1.99 2L2 18c0 1.11.89 2 2 2h5v-2H4v-6h18V6c0-1.11-.89-2-2-2m0 4H4V6h16zm-5.07 11.17-2.83-2.83-1.41 1.41L14.93 22 22 14.93l-1.41-1.41z"
              />
            </svg>
          </span>
          <span
            class="MuiButton-loadingWrapper"
            style="display: contents;"
          />
          Comprar productos
        </button>
      </div>
    </div>
  </div>
</div>
`;
